19.05.2023 - 01:00:31 - [TAB v3.2.1] An error was thrown when executing task
19.05.2023 - 01:00:31 - java.lang.NullPointerException: null
19.05.2023 - 01:00:31 - 	at me.neznamy.tab.platforms.bukkit.features.unlimitedtags.PacketListener.lambda$onEntitySpawn$2(PacketListener.java:149)
19.05.2023 - 01:00:31 - 	at me.neznamy.tab.shared.CpuManager.lambda$runMeasuredTask$8(CpuManager.java:350)
19.05.2023 - 01:00:31 - 	at me.neznamy.tab.shared.CpuManager.lambda$submit$1(CpuManager.java:112)
19.05.2023 - 01:00:31 - 	at java.util.concurrent.Executors$RunnableAdapter.call(Executors.java:511)
19.05.2023 - 01:00:31 - 	at java.util.concurrent.FutureTask.run(FutureTask.java:266)
19.05.2023 - 01:00:31 - 	at java.util.concurrent.ThreadPoolExecutor.runWorker(ThreadPoolExecutor.java:1149)
19.05.2023 - 01:00:31 - 	at java.util.concurrent.ThreadPoolExecutor$Worker.run(ThreadPoolExecutor.java:624)
19.05.2023 - 01:00:31 - 	at java.lang.Thread.run(Thread.java:748)
23.05.2023 - 23:09:46 - [TAB v3.2.1] An error was thrown when executing task
23.05.2023 - 23:09:46 - java.lang.NullPointerException: null
23.05.2023 - 23:09:46 - 	at me.neznamy.tab.platforms.bukkit.features.unlimitedtags.PacketListener.lambda$onEntitySpawn$2(PacketListener.java:149)
23.05.2023 - 23:09:46 - 	at me.neznamy.tab.shared.CpuManager.lambda$runMeasuredTask$8(CpuManager.java:350)
23.05.2023 - 23:09:46 - 	at me.neznamy.tab.shared.CpuManager.lambda$submit$1(CpuManager.java:112)
23.05.2023 - 23:09:46 - 	at java.util.concurrent.Executors$RunnableAdapter.call(Executors.java:511)
23.05.2023 - 23:09:46 - 	at java.util.concurrent.FutureTask.run(FutureTask.java:266)
23.05.2023 - 23:09:46 - 	at java.util.concurrent.ThreadPoolExecutor.runWorker(ThreadPoolExecutor.java:1149)
23.05.2023 - 23:09:46 - 	at java.util.concurrent.ThreadPoolExecutor$Worker.run(ThreadPoolExecutor.java:624)
23.05.2023 - 23:09:46 - 	at java.lang.Thread.run(Thread.java:748)
26.05.2023 - 21:02:56 - [TAB v3.2.1] An error was thrown when executing task
26.05.2023 - 21:02:56 - java.lang.NullPointerException: null
26.05.2023 - 21:02:56 - 	at me.neznamy.tab.platforms.bukkit.features.unlimitedtags.PacketListener.lambda$onEntitySpawn$2(PacketListener.java:149)
26.05.2023 - 21:02:56 - 	at me.neznamy.tab.shared.CpuManager.lambda$runMeasuredTask$8(CpuManager.java:350)
26.05.2023 - 21:02:56 - 	at me.neznamy.tab.shared.CpuManager.lambda$submit$1(CpuManager.java:112)
26.05.2023 - 21:02:56 - 	at java.util.concurrent.Executors$RunnableAdapter.call(Executors.java:511)
26.05.2023 - 21:02:56 - 	at java.util.concurrent.FutureTask.run(FutureTask.java:266)
26.05.2023 - 21:02:56 - 	at java.util.concurrent.ThreadPoolExecutor.runWorker(ThreadPoolExecutor.java:1149)
26.05.2023 - 21:02:56 - 	at java.util.concurrent.ThreadPoolExecutor$Worker.run(ThreadPoolExecutor.java:624)
26.05.2023 - 21:02:56 - 	at java.lang.Thread.run(Thread.java:748)
27.05.2023 - 19:25:11 - [TAB v3.2.1] An error was thrown when executing task
27.05.2023 - 19:25:11 - java.lang.NullPointerException: null
27.05.2023 - 19:25:11 - 	at me.neznamy.tab.platforms.bukkit.features.unlimitedtags.PacketListener.lambda$onEntityMove$0(PacketListener.java:123)
27.05.2023 - 19:25:11 - 	at me.neznamy.tab.shared.CpuManager.lambda$runMeasuredTask$8(CpuManager.java:350)
27.05.2023 - 19:25:11 - 	at me.neznamy.tab.shared.CpuManager.lambda$submit$1(CpuManager.java:112)
27.05.2023 - 19:25:11 - 	at java.util.concurrent.Executors$RunnableAdapter.call(Executors.java:511)
27.05.2023 - 19:25:11 - 	at java.util.concurrent.FutureTask.run(FutureTask.java:266)
27.05.2023 - 19:25:11 - 	at java.util.concurrent.ThreadPoolExecutor.runWorker(ThreadPoolExecutor.java:1149)
27.05.2023 - 19:25:11 - 	at java.util.concurrent.ThreadPoolExecutor$Worker.run(ThreadPoolExecutor.java:624)
27.05.2023 - 19:25:11 - 	at java.lang.Thread.run(Thread.java:748)
29.05.2023 - 21:01:17 - [TAB v3.2.1] An error was thrown when executing task
29.05.2023 - 21:01:17 - java.lang.NullPointerException: null
29.05.2023 - 21:01:17 - 	at me.neznamy.tab.platforms.bukkit.features.unlimitedtags.PacketListener.lambda$onEntitySpawn$2(PacketListener.java:149)
29.05.2023 - 21:01:17 - 	at me.neznamy.tab.shared.CpuManager.lambda$runMeasuredTask$8(CpuManager.java:350)
29.05.2023 - 21:01:17 - 	at me.neznamy.tab.shared.CpuManager.lambda$submit$1(CpuManager.java:112)
29.05.2023 - 21:01:17 - 	at java.util.concurrent.Executors$RunnableAdapter.call(Executors.java:511)
29.05.2023 - 21:01:17 - 	at java.util.concurrent.FutureTask.run(FutureTask.java:266)
29.05.2023 - 21:01:17 - 	at java.util.concurrent.ThreadPoolExecutor.runWorker(ThreadPoolExecutor.java:1149)
29.05.2023 - 21:01:17 - 	at java.util.concurrent.ThreadPoolExecutor$Worker.run(ThreadPoolExecutor.java:624)
29.05.2023 - 21:01:17 - 	at java.lang.Thread.run(Thread.java:748)
30.05.2023 - 15:37:01 - [TAB v3.2.1] An error was thrown when executing task
30.05.2023 - 15:37:01 - java.lang.NullPointerException: null
30.05.2023 - 15:37:01 - 	at me.neznamy.tab.platforms.bukkit.features.unlimitedtags.PacketListener.lambda$onEntitySpawn$2(PacketListener.java:149)
30.05.2023 - 15:37:01 - 	at me.neznamy.tab.shared.CpuManager.lambda$runMeasuredTask$8(CpuManager.java:350)
30.05.2023 - 15:37:01 - 	at me.neznamy.tab.shared.CpuManager.lambda$submit$1(CpuManager.java:112)
30.05.2023 - 15:37:01 - 	at java.util.concurrent.Executors$RunnableAdapter.call(Executors.java:511)
30.05.2023 - 15:37:01 - 	at java.util.concurrent.FutureTask.run(FutureTask.java:266)
30.05.2023 - 15:37:01 - 	at java.util.concurrent.ThreadPoolExecutor.runWorker(ThreadPoolExecutor.java:1149)
30.05.2023 - 15:37:01 - 	at java.util.concurrent.ThreadPoolExecutor$Worker.run(ThreadPoolExecutor.java:624)
30.05.2023 - 15:37:01 - 	at java.lang.Thread.run(Thread.java:748)
31.05.2023 - 13:30:19 - [TAB v3.2.1] An error was thrown when executing task
31.05.2023 - 13:30:19 - java.lang.NullPointerException: null
31.05.2023 - 13:30:19 - 	at me.neznamy.tab.platforms.bukkit.features.unlimitedtags.PacketListener.lambda$onEntitySpawn$2(PacketListener.java:149)
31.05.2023 - 13:30:19 - 	at me.neznamy.tab.shared.CpuManager.lambda$runMeasuredTask$8(CpuManager.java:350)
31.05.2023 - 13:30:19 - 	at me.neznamy.tab.shared.CpuManager.lambda$submit$1(CpuManager.java:112)
31.05.2023 - 13:30:19 - 	at java.util.concurrent.Executors$RunnableAdapter.call(Executors.java:511)
31.05.2023 - 13:30:19 - 	at java.util.concurrent.FutureTask.run(FutureTask.java:266)
31.05.2023 - 13:30:19 - 	at java.util.concurrent.ThreadPoolExecutor.runWorker(ThreadPoolExecutor.java:1149)
31.05.2023 - 13:30:19 - 	at java.util.concurrent.ThreadPoolExecutor$Worker.run(ThreadPoolExecutor.java:624)
31.05.2023 - 13:30:19 - 	at java.lang.Thread.run(Thread.java:748)
01.06.2023 - 20:51:43 - [TAB v3.2.1] An error occurred when reading packets
01.06.2023 - 20:51:43 - java.lang.NullPointerException: null
01.06.2023 - 20:51:43 - 	at me.neznamy.tab.platforms.bukkit.features.unlimitedtags.PacketListener.onPacketReceive(PacketListener.java:67)
01.06.2023 - 20:51:43 - 	at me.neznamy.tab.shared.FeatureManagerImpl.onPacketReceive(FeatureManagerImpl.java:211)
01.06.2023 - 20:51:43 - 	at me.neznamy.tab.platforms.bukkit.BukkitPipelineInjector$BukkitChannelDuplexHandler.channelRead(BukkitPipelineInjector.java:60)
01.06.2023 - 20:51:43 - 	at io.netty.channel.AbstractChannelHandlerContext.invokeChannelRead(AbstractChannelHandlerContext.java:442)
01.06.2023 - 20:51:43 - 	at io.netty.channel.AbstractChannelHandlerContext.invokeChannelRead(AbstractChannelHandlerContext.java:420)
01.06.2023 - 20:51:43 - 	at io.netty.channel.AbstractChannelHandlerContext.fireChannelRead(AbstractChannelHandlerContext.java:412)
01.06.2023 - 20:51:43 - 	at io.netty.channel.ChannelInboundHandlerAdapter.channelRead(ChannelInboundHandlerAdapter.java:93)
01.06.2023 - 20:51:43 - 	at org.inventivetalent.packetlistener.channel.INCChannel$ChannelHandler.channelRead(INCChannel.java:154)
01.06.2023 - 20:51:43 - 	at io.netty.channel.AbstractChannelHandlerContext.invokeChannelRead(AbstractChannelHandlerContext.java:442)
01.06.2023 - 20:51:43 - 	at io.netty.channel.AbstractChannelHandlerContext.invokeChannelRead(AbstractChannelHandlerContext.java:420)
01.06.2023 - 20:51:43 - 	at io.netty.channel.AbstractChannelHandlerContext.fireChannelRead(AbstractChannelHandlerContext.java:412)
01.06.2023 - 20:51:43 - 	at com.comphenix.protocol.injector.netty.channel.NettyChannelInjector.lambda$processInboundPacket$5(NettyChannelInjector.java:515)
01.06.2023 - 20:51:43 - 	at com.comphenix.protocol.injector.netty.channel.NettyChannelInjector.ensureInEventLoop(NettyChannelInjector.java:489)
01.06.2023 - 20:51:43 - 	at com.comphenix.protocol.injector.netty.channel.NettyChannelInjector.processInboundPacket(NettyChannelInjector.java:513)
01.06.2023 - 20:51:43 - 	at com.comphenix.protocol.injector.netty.channel.InboundPacketInterceptor.channelRead(InboundPacketInterceptor.java:33)
01.06.2023 - 20:51:43 - 	at io.netty.channel.AbstractChannelHandlerContext.invokeChannelRead(AbstractChannelHandlerContext.java:444)
01.06.2023 - 20:51:43 - 	at io.netty.channel.AbstractChannelHandlerContext.invokeChannelRead(AbstractChannelHandlerContext.java:420)
01.06.2023 - 20:51:43 - 	at io.netty.channel.AbstractChannelHandlerContext.fireChannelRead(AbstractChannelHandlerContext.java:412)
01.06.2023 - 20:51:43 - 	at io.netty.handler.codec.MessageToMessageDecoder.channelRead(MessageToMessageDecoder.java:103)
01.06.2023 - 20:51:43 - 	at io.netty.channel.AbstractChannelHandlerContext.invokeChannelRead(AbstractChannelHandlerContext.java:444)
01.06.2023 - 20:51:43 - 	at io.netty.channel.AbstractChannelHandlerContext.invokeChannelRead(AbstractChannelHandlerContext.java:420)
01.06.2023 - 20:51:43 - 	at io.netty.channel.AbstractChannelHandlerContext.fireChannelRead(AbstractChannelHandlerContext.java:412)
01.06.2023 - 20:51:43 - 	at io.netty.handler.codec.ByteToMessageDecoder.fireChannelRead(ByteToMessageDecoder.java:336)
01.06.2023 - 20:51:43 - 	at io.netty.handler.codec.ByteToMessageDecoder.channelRead(ByteToMessageDecoder.java:308)
01.06.2023 - 20:51:43 - 	at io.netty.channel.AbstractChannelHandlerContext.invokeChannelRead(AbstractChannelHandlerContext.java:444)
01.06.2023 - 20:51:43 - 	at io.netty.channel.AbstractChannelHandlerContext.invokeChannelRead(AbstractChannelHandlerContext.java:420)
01.06.2023 - 20:51:43 - 	at io.netty.channel.AbstractChannelHandlerContext.fireChannelRead(AbstractChannelHandlerContext.java:412)
01.06.2023 - 20:51:43 - 	at io.netty.handler.codec.MessageToMessageDecoder.channelRead(MessageToMessageDecoder.java:103)
01.06.2023 - 20:51:43 - 	at io.netty.channel.AbstractChannelHandlerContext.invokeChannelRead(AbstractChannelHandlerContext.java:444)
01.06.2023 - 20:51:43 - 	at io.netty.channel.AbstractChannelHandlerContext.invokeChannelRead(AbstractChannelHandlerContext.java:420)
01.06.2023 - 20:51:43 - 	at io.netty.channel.AbstractChannelHandlerContext.fireChannelRead(AbstractChannelHandlerContext.java:412)
01.06.2023 - 20:51:43 - 	at io.netty.handler.codec.ByteToMessageDecoder.fireChannelRead(ByteToMessageDecoder.java:336)
01.06.2023 - 20:51:43 - 	at io.netty.handler.codec.ByteToMessageDecoder.channelRead(ByteToMessageDecoder.java:308)
01.06.2023 - 20:51:43 - 	at io.netty.channel.AbstractChannelHandlerContext.invokeChannelRead(AbstractChannelHandlerContext.java:444)
01.06.2023 - 20:51:43 - 	at io.netty.channel.AbstractChannelHandlerContext.invokeChannelRead(AbstractChannelHandlerContext.java:420)
01.06.2023 - 20:51:43 - 	at io.netty.channel.AbstractChannelHandlerContext.fireChannelRead(AbstractChannelHandlerContext.java:412)
01.06.2023 - 20:51:43 - 	at io.netty.handler.codec.MessageToMessageDecoder.channelRead(MessageToMessageDecoder.java:103)
01.06.2023 - 20:51:43 - 	at io.netty.channel.AbstractChannelHandlerContext.invokeChannelRead(AbstractChannelHandlerContext.java:444)
01.06.2023 - 20:51:43 - 	at io.netty.channel.AbstractChannelHandlerContext.invokeChannelRead(AbstractChannelHandlerContext.java:420)
01.06.2023 - 20:51:43 - 	at io.netty.channel.AbstractChannelHandlerContext.fireChannelRead(AbstractChannelHandlerContext.java:412)
01.06.2023 - 20:51:43 - 	at io.netty.handler.codec.ByteToMessageDecoder.fireChannelRead(ByteToMessageDecoder.java:336)
01.06.2023 - 20:51:43 - 	at io.netty.handler.codec.ByteToMessageDecoder.channelRead(ByteToMessageDecoder.java:308)
01.06.2023 - 20:51:43 - 	at io.netty.channel.AbstractChannelHandlerContext.invokeChannelRead(AbstractChannelHandlerContext.java:444)
01.06.2023 - 20:51:43 - 	at io.netty.channel.AbstractChannelHandlerContext.invokeChannelRead(AbstractChannelHandlerContext.java:420)
01.06.2023 - 20:51:43 - 	at io.netty.channel.AbstractChannelHandlerContext.fireChannelRead(AbstractChannelHandlerContext.java:412)
01.06.2023 - 20:51:43 - 	at io.netty.handler.codec.ByteToMessageDecoder.fireChannelRead(ByteToMessageDecoder.java:336)
01.06.2023 - 20:51:43 - 	at io.netty.handler.codec.ByteToMessageDecoder.channelRead(ByteToMessageDecoder.java:308)
01.06.2023 - 20:51:43 - 	at io.netty.channel.AbstractChannelHandlerContext.invokeChannelRead(AbstractChannelHandlerContext.java:444)
01.06.2023 - 20:51:43 - 	at io.netty.channel.AbstractChannelHandlerContext.invokeChannelRead(AbstractChannelHandlerContext.java:420)
01.06.2023 - 20:51:43 - 	at io.netty.channel.AbstractChannelHandlerContext.fireChannelRead(AbstractChannelHandlerContext.java:412)
01.06.2023 - 20:51:43 - 	at io.netty.handler.codec.ByteToMessageDecoder.fireChannelRead(ByteToMessageDecoder.java:336)
01.06.2023 - 20:51:43 - 	at io.netty.handler.codec.ByteToMessageDecoder.channelRead(ByteToMessageDecoder.java:308)
01.06.2023 - 20:51:43 - 	at io.netty.channel.AbstractChannelHandlerContext.invokeChannelRead(AbstractChannelHandlerContext.java:444)
01.06.2023 - 20:51:43 - 	at io.netty.channel.AbstractChannelHandlerContext.invokeChannelRead(AbstractChannelHandlerContext.java:420)
01.06.2023 - 20:51:43 - 	at io.netty.channel.AbstractChannelHandlerContext.fireChannelRead(AbstractChannelHandlerContext.java:412)
01.06.2023 - 20:51:43 - 	at io.netty.handler.timeout.IdleStateHandler.channelRead(IdleStateHandler.java:286)
01.06.2023 - 20:51:43 - 	at io.netty.channel.AbstractChannelHandlerContext.invokeChannelRead(AbstractChannelHandlerContext.java:442)
01.06.2023 - 20:51:43 - 	at io.netty.channel.AbstractChannelHandlerContext.invokeChannelRead(AbstractChannelHandlerContext.java:420)
01.06.2023 - 20:51:43 - 	at io.netty.channel.AbstractChannelHandlerContext.fireChannelRead(AbstractChannelHandlerContext.java:412)
01.06.2023 - 20:51:43 - 	at io.netty.channel.DefaultChannelPipeline$HeadContext.channelRead(DefaultChannelPipeline.java:1410)
01.06.2023 - 20:51:43 - 	at io.netty.channel.AbstractChannelHandlerContext.invokeChannelRead(AbstractChannelHandlerContext.java:440)
01.06.2023 - 20:51:43 - 	at io.netty.channel.AbstractChannelHandlerContext.invokeChannelRead(AbstractChannelHandlerContext.java:420)
01.06.2023 - 20:51:43 - 	at io.netty.channel.DefaultChannelPipeline.fireChannelRead(DefaultChannelPipeline.java:919)
01.06.2023 - 20:51:43 - 	at io.netty.channel.epoll.AbstractEpollStreamChannel$EpollStreamUnsafe.epollInReady(AbstractEpollStreamChannel.java:800)
01.06.2023 - 20:51:43 - 	at io.netty.channel.epoll.EpollEventLoop.processReady(EpollEventLoop.java:499)
01.06.2023 - 20:51:43 - 	at io.netty.channel.epoll.EpollEventLoop.run(EpollEventLoop.java:397)
01.06.2023 - 20:51:43 - 	at io.netty.util.concurrent.SingleThreadEventExecutor$4.run(SingleThreadEventExecutor.java:997)
01.06.2023 - 20:51:43 - 	at io.netty.util.internal.ThreadExecutorMap$2.run(ThreadExecutorMap.java:74)
01.06.2023 - 20:51:43 - 	at java.lang.Thread.run(Thread.java:748)
02.06.2023 - 18:49:59 - [TAB v3.2.1] An error was thrown when executing task
02.06.2023 - 18:49:59 - java.lang.NullPointerException: null
02.06.2023 - 18:49:59 - 	at me.neznamy.tab.platforms.bukkit.features.unlimitedtags.PacketListener.lambda$onEntitySpawn$2(PacketListener.java:149)
02.06.2023 - 18:49:59 - 	at me.neznamy.tab.shared.CpuManager.lambda$runMeasuredTask$8(CpuManager.java:350)
02.06.2023 - 18:49:59 - 	at me.neznamy.tab.shared.CpuManager.lambda$submit$1(CpuManager.java:112)
02.06.2023 - 18:49:59 - 	at java.util.concurrent.Executors$RunnableAdapter.call(Executors.java:511)
02.06.2023 - 18:49:59 - 	at java.util.concurrent.FutureTask.run(FutureTask.java:266)
02.06.2023 - 18:49:59 - 	at java.util.concurrent.ThreadPoolExecutor.runWorker(ThreadPoolExecutor.java:1149)
02.06.2023 - 18:49:59 - 	at java.util.concurrent.ThreadPoolExecutor$Worker.run(ThreadPoolExecutor.java:624)
02.06.2023 - 18:49:59 - 	at java.lang.Thread.run(Thread.java:748)
